---
source: src/parser/parser_snap_tests.rs
expression: "format!(\"{:#?}\", t.unwrap())"
---
Module(
    [
        Spanned(
            Location {
                offset: 0,
                line: 0,
                col: 0,
            },
            EffectDef(
                EffectDef(
                    Spanned(
                        Location {
                            offset: 0,
                            line: 0,
                            col: 0,
                        },
                        KeywordAndVisibility(
                            Spanned(
                                Location {
                                    offset: 0,
                                    line: 0,
                                    col: 0,
                                },
                                Effect,
                                Location {
                                    offset: 6,
                                    line: 0,
                                    col: 6,
                                },
                            ),
                            Spanned(
                                Location {
                                    offset: 0,
                                    line: 0,
                                    col: 0,
                                },
                                Private,
                                Location {
                                    offset: 0,
                                    line: 0,
                                    col: 0,
                                },
                            ),
                        ),
                        Location {
                            offset: 6,
                            line: 0,
                            col: 6,
                        },
                    ),
                    Spanned(
                        Location {
                            offset: 7,
                            line: 0,
                            col: 7,
                        },
                        Ident(
                            "VM",
                            None,
                        ),
                        Location {
                            offset: 9,
                            line: 0,
                            col: 9,
                        },
                    ),
                    [
                        Spanned(
                            Location {
                                offset: 11,
                                line: 0,
                                col: 11,
                            },
                            Ident(
                                "async",
                                None,
                            ),
                            Location {
                                offset: 16,
                                line: 0,
                                col: 16,
                            },
                        ),
                        Spanned(
                            Location {
                                offset: 19,
                                line: 0,
                                col: 19,
                            },
                            Ident(
                                "throws",
                                None,
                            ),
                            Location {
                                offset: 25,
                                line: 0,
                                col: 25,
                            },
                        ),
                        Spanned(
                            Location {
                                offset: 28,
                                line: 0,
                                col: 28,
                            },
                            Ident(
                                "execs",
                                None,
                            ),
                            Location {
                                offset: 33,
                                line: 0,
                                col: 33,
                            },
                        ),
                    ],
                    Block(
                        [
                            Spanned(
                                Location {
                                    offset: 40,
                                    line: 1,
                                    col: 4,
                                },
                                Prototype {
                                    name: Spanned(
                                        Location {
                                            offset: 40,
                                            line: 1,
                                            col: 4,
                                        },
                                        Ident(
                                            "catch",
                                            None,
                                        ),
                                        Location {
                                            offset: 45,
                                            line: 1,
                                            col: 9,
                                        },
                                    ),
                                    args: [],
                                    ret: None,
                                    effects: [],
                                },
                                Location {
                                    offset: 50,
                                    line: 1,
                                    col: 14,
                                },
                            ),
                            Spanned(
                                Location {
                                    offset: 55,
                                    line: 2,
                                    col: 4,
                                },
                                Prototype {
                                    name: Spanned(
                                        Location {
                                            offset: 55,
                                            line: 2,
                                            col: 4,
                                        },
                                        Ident(
                                            "await",
                                            Some(
                                                [
                                                    Spanned(
                                                        Location {
                                                            offset: 61,
                                                            line: 2,
                                                            col: 10,
                                                        },
                                                        Ident(
                                                            "T",
                                                            None,
                                                        ),
                                                        Location {
                                                            offset: 62,
                                                            line: 2,
                                                            col: 11,
                                                        },
                                                    ),
                                                ],
                                            ),
                                        ),
                                        Location {
                                            offset: 63,
                                            line: 2,
                                            col: 12,
                                        },
                                    ),
                                    args: [
                                        Spanned(
                                            Location {
                                                offset: 64,
                                                line: 2,
                                                col: 13,
                                            },
                                            Field(
                                                Spanned(
                                                    Location {
                                                        offset: 64,
                                                        line: 2,
                                                        col: 13,
                                                    },
                                                    FieldDef(
                                                        Spanned(
                                                            Location {
                                                                offset: 64,
                                                                line: 2,
                                                                col: 13,
                                                            },
                                                            Private,
                                                            Location {
                                                                offset: 64,
                                                                line: 2,
                                                                col: 13,
                                                            },
                                                        ),
                                                        Spanned(
                                                            Location {
                                                                offset: 64,
                                                                line: 2,
                                                                col: 13,
                                                            },
                                                            Ident(
                                                                "f",
                                                                None,
                                                            ),
                                                            Location {
                                                                offset: 65,
                                                                line: 2,
                                                                col: 14,
                                                            },
                                                        ),
                                                        Spanned(
                                                            Location {
                                                                offset: 67,
                                                                line: 2,
                                                                col: 16,
                                                            },
                                                            Ident(
                                                                "Future",
                                                                Some(
                                                                    [
                                                                        Spanned(
                                                                            Location {
                                                                                offset: 74,
                                                                                line: 2,
                                                                                col: 23,
                                                                            },
                                                                            Ident(
                                                                                "T",
                                                                                None,
                                                                            ),
                                                                            Location {
                                                                                offset: 75,
                                                                                line: 2,
                                                                                col: 24,
                                                                            },
                                                                        ),
                                                                    ],
                                                                ),
                                                            ),
                                                            Location {
                                                                offset: 76,
                                                                line: 2,
                                                                col: 25,
                                                            },
                                                        ),
                                                    ),
                                                    Location {
                                                        offset: 76,
                                                        line: 2,
                                                        col: 25,
                                                    },
                                                ),
                                            ),
                                            Location {
                                                offset: 76,
                                                line: 2,
                                                col: 25,
                                            },
                                        ),
                                    ],
                                    ret: Some(
                                        Spanned(
                                            Location {
                                                offset: 84,
                                                line: 2,
                                                col: 33,
                                            },
                                            Ident(
                                                "T",
                                                None,
                                            ),
                                            Location {
                                                offset: 85,
                                                line: 2,
                                                col: 34,
                                            },
                                        ),
                                    ),
                                    effects: [],
                                },
                                Location {
                                    offset: 85,
                                    line: 2,
                                    col: 34,
                                },
                            ),
                            Spanned(
                                Location {
                                    offset: 90,
                                    line: 3,
                                    col: 4,
                                },
                                Prototype {
                                    name: Spanned(
                                        Location {
                                            offset: 90,
                                            line: 3,
                                            col: 4,
                                        },
                                        Ident(
                                            "exec",
                                            None,
                                        ),
                                        Location {
                                            offset: 94,
                                            line: 3,
                                            col: 8,
                                        },
                                    ),
                                    args: [
                                        Spanned(
                                            Location {
                                                offset: 95,
                                                line: 3,
                                                col: 9,
                                            },
                                            Field(
                                                Spanned(
                                                    Location {
                                                        offset: 95,
                                                        line: 3,
                                                        col: 9,
                                                    },
                                                    FieldDef(
                                                        Spanned(
                                                            Location {
                                                                offset: 95,
                                                                line: 3,
                                                                col: 9,
                                                            },
                                                            Private,
                                                            Location {
                                                                offset: 95,
                                                                line: 3,
                                                                col: 9,
                                                            },
                                                        ),
                                                        Spanned(
                                                            Location {
                                                                offset: 95,
                                                                line: 3,
                                                                col: 9,
                                                            },
                                                            Ident(
                                                                "arg0",
                                                                None,
                                                            ),
                                                            Location {
                                                                offset: 99,
                                                                line: 3,
                                                                col: 13,
                                                            },
                                                        ),
                                                        Spanned(
                                                            Location {
                                                                offset: 101,
                                                                line: 3,
                                                                col: 15,
                                                            },
                                                            Ident(
                                                                "string",
                                                                None,
                                                            ),
                                                            Location {
                                                                offset: 107,
                                                                line: 3,
                                                                col: 21,
                                                            },
                                                        ),
                                                    ),
                                                    Location {
                                                        offset: 107,
                                                        line: 3,
                                                        col: 21,
                                                    },
                                                ),
                                            ),
                                            Location {
                                                offset: 107,
                                                line: 3,
                                                col: 21,
                                            },
                                        ),
                                        Spanned(
                                            Location {
                                                offset: 109,
                                                line: 3,
                                                col: 23,
                                            },
                                            Field(
                                                Spanned(
                                                    Location {
                                                        offset: 109,
                                                        line: 3,
                                                        col: 23,
                                                    },
                                                    FieldDef(
                                                        Spanned(
                                                            Location {
                                                                offset: 109,
                                                                line: 3,
                                                                col: 23,
                                                            },
                                                            Private,
                                                            Location {
                                                                offset: 109,
                                                                line: 3,
                                                                col: 23,
                                                            },
                                                        ),
                                                        Spanned(
                                                            Location {
                                                                offset: 109,
                                                                line: 3,
                                                                col: 23,
                                                            },
                                                            Ident(
                                                                "args",
                                                                None,
                                                            ),
                                                            Location {
                                                                offset: 113,
                                                                line: 3,
                                                                col: 27,
                                                            },
                                                        ),
                                                        Spanned(
                                                            Location {
                                                                offset: 115,
                                                                line: 3,
                                                                col: 29,
                                                            },
                                                            Ident(
                                                                "stringvec",
                                                                None,
                                                            ),
                                                            Location {
                                                                offset: 124,
                                                                line: 3,
                                                                col: 38,
                                                            },
                                                        ),
                                                    ),
                                                    Location {
                                                        offset: 124,
                                                        line: 3,
                                                        col: 38,
                                                    },
                                                ),
                                            ),
                                            Location {
                                                offset: 124,
                                                line: 3,
                                                col: 38,
                                            },
                                        ),
                                    ],
                                    ret: None,
                                    effects: [],
                                },
                                Location {
                                    offset: 128,
                                    line: 3,
                                    col: 42,
                                },
                            ),
                        ],
                    ),
                ),
            ),
            Location {
                offset: 130,
                line: 4,
                col: 1,
            },
        ),
    ],
)
